d:\github\wffc-edit\woffcedit\x64\debug\vc143.pdb
d:\github\wffc-edit\woffcedit\x64\debug\vc143.idb
d:\github\wffc-edit\woffcedit\x64\debug\sqlite3.obj
d:\github\wffc-edit\woffcedit\x64\debug\pch.obj
d:\github\wffc-edit\woffcedit\x64\debug\toolmain.obj
d:\github\wffc-edit\woffcedit\x64\debug\main.obj
d:\github\wffc-edit\woffcedit\x64\debug\mfcmain.obj
d:\github\wffc-edit\woffcedit\x64\debug\mfcframe.obj
d:\github\wffc-edit\woffcedit\x64\debug\displayobject.obj
d:\github\wffc-edit\woffcedit\x64\debug\displaychunk.obj
d:\github\wffc-edit\woffcedit\x64\debug\deviceresources.obj
d:\github\wffc-edit\woffcedit\x64\debug\game.obj
d:\github\wffc-edit\woffcedit\x64\debug\undoredodialogue.obj
d:\github\wffc-edit\woffcedit\x64\debug\selectdialogue.obj
d:\github\wffc-edit\woffcedit\x64\debug\sceneobject.obj
d:\github\wffc-edit\woffcedit\x64\debug\mfcrenderframe.obj
d:\github\wffc-edit\woffcedit\x64\debug\chunkobject.obj
d:\github\wffc-edit\woffcedit\x64\debug\command.obj
d:\github\wffc-edit\woffcedit\x64\debug\wofedit.exe
d:\github\wffc-edit\woffcedit\x64\debug\wofedit.ilk
d:\github\wffc-edit\woffcedit\x64\debug\wofedit.pdb
d:\github\wffc-edit\woffcedit\x64\debug\win32simplesample.res
d:\github\wffc-edit\woffcedit\x64\debug\wofedit.tlog\cl.command.1.tlog
d:\github\wffc-edit\woffcedit\x64\debug\wofedit.tlog\cl.items.tlog
d:\github\wffc-edit\woffcedit\x64\debug\wofedit.tlog\cl.read.1.tlog
d:\github\wffc-edit\woffcedit\x64\debug\wofedit.tlog\cl.write.1.tlog
d:\github\wffc-edit\woffcedit\x64\debug\wofedit.tlog\link.command.1.tlog
d:\github\wffc-edit\woffcedit\x64\debug\wofedit.tlog\link.read.1.tlog
d:\github\wffc-edit\woffcedit\x64\debug\wofedit.tlog\link.write.1.tlog
d:\github\wffc-edit\woffcedit\x64\debug\wofedit.tlog\rc.command.1.tlog
d:\github\wffc-edit\woffcedit\x64\debug\wofedit.tlog\rc.read.1.tlog
d:\github\wffc-edit\woffcedit\x64\debug\wofedit.tlog\rc.write.1.tlog
