c:\users\frase\documents\_honours\project\wffc-edit\woffcedit\wofedit\x64\debug\vc143.pdb
c:\users\frase\documents\_honours\project\wffc-edit\woffcedit\wofedit\x64\debug\vc143.idb
c:\users\frase\documents\_honours\project\wffc-edit\woffcedit\wofedit\x64\debug\undoredodialogue.obj
c:\users\frase\documents\_honours\project\wffc-edit\woffcedit\wofedit\x64\debug\toolmain.obj
c:\users\frase\documents\_honours\project\wffc-edit\woffcedit\wofedit\x64\debug\selectdialogue.obj
c:\users\frase\documents\_honours\project\wffc-edit\woffcedit\wofedit\x64\debug\sceneobject.obj
c:\users\frase\documents\_honours\project\wffc-edit\woffcedit\wofedit\x64\debug\mfcmain.obj
c:\users\frase\documents\_honours\project\wffc-edit\woffcedit\wofedit\x64\debug\pch.obj
c:\users\frase\documents\_honours\project\wffc-edit\woffcedit\wofedit\x64\debug\mfcrenderframe.obj
c:\users\frase\documents\_honours\project\wffc-edit\woffcedit\wofedit\x64\debug\mfcframe.obj
c:\users\frase\documents\_honours\project\wffc-edit\woffcedit\wofedit\x64\debug\main.obj
c:\users\frase\documents\_honours\project\wffc-edit\woffcedit\wofedit\x64\debug\game.obj
c:\users\frase\documents\_honours\project\wffc-edit\woffcedit\wofedit\x64\debug\displayobject.obj
c:\users\frase\documents\_honours\project\wffc-edit\woffcedit\wofedit\x64\debug\displaychunk.obj
c:\users\frase\documents\_honours\project\wffc-edit\woffcedit\wofedit\x64\debug\deviceresources.obj
c:\users\frase\documents\_honours\project\wffc-edit\woffcedit\wofedit\x64\debug\chunkobject.obj
c:\users\frase\documents\_honours\project\wffc-edit\woffcedit\wofedit\x64\debug\sqlite3.obj
c:\users\frase\documents\_honours\project\wffc-edit\woffcedit\x64\debug\wofedit.exe
c:\users\frase\documents\_honours\project\wffc-edit\woffcedit\x64\debug\wofedit.pdb
c:\users\frase\documents\_honours\project\wffc-edit\woffcedit\wofedit\x64\debug\win32simplesample.res
c:\users\frase\documents\_honours\project\wffc-edit\woffcedit\wofedit\x64\debug\wofedit.ilk
c:\users\frase\documents\_honours\project\wffc-edit\woffcedit\wofedit\x64\debug\game.obj.enc
c:\users\frase\documents\_honours\project\wffc-edit\woffcedit\wofedit\x64\debug\toolmain.obj.enc
c:\users\frase\documents\_honours\project\wffc-edit\woffcedit\wofedit\x64\debug\wofedit.tlog\cl.command.1.tlog
c:\users\frase\documents\_honours\project\wffc-edit\woffcedit\wofedit\x64\debug\wofedit.tlog\cl.items.tlog
c:\users\frase\documents\_honours\project\wffc-edit\woffcedit\wofedit\x64\debug\wofedit.tlog\cl.read.1.tlog
c:\users\frase\documents\_honours\project\wffc-edit\woffcedit\wofedit\x64\debug\wofedit.tlog\cl.write.1.tlog
c:\users\frase\documents\_honours\project\wffc-edit\woffcedit\wofedit\x64\debug\wofedit.tlog\link.command.1.tlog
c:\users\frase\documents\_honours\project\wffc-edit\woffcedit\wofedit\x64\debug\wofedit.tlog\link.read.1.tlog
c:\users\frase\documents\_honours\project\wffc-edit\woffcedit\wofedit\x64\debug\wofedit.tlog\link.secondary.1.tlog
c:\users\frase\documents\_honours\project\wffc-edit\woffcedit\wofedit\x64\debug\wofedit.tlog\link.write.1.tlog
c:\users\frase\documents\_honours\project\wffc-edit\woffcedit\wofedit\x64\debug\wofedit.tlog\meshcontenttask-vsgraphics.13920.read.1.tlog
c:\users\frase\documents\_honours\project\wffc-edit\woffcedit\wofedit\x64\debug\wofedit.tlog\meshcontenttask-vsgraphics.13920.read.23.tlog
c:\users\frase\documents\_honours\project\wffc-edit\woffcedit\wofedit\x64\debug\wofedit.tlog\meshcontenttask-vsgraphics.13920.read.3.tlog
c:\users\frase\documents\_honours\project\wffc-edit\woffcedit\wofedit\x64\debug\wofedit.tlog\meshcontenttask-vsgraphics.13920.write.1.tlog
c:\users\frase\documents\_honours\project\wffc-edit\woffcedit\wofedit\x64\debug\wofedit.tlog\meshcontenttask-vsgraphics.13920.write.23.tlog
c:\users\frase\documents\_honours\project\wffc-edit\woffcedit\wofedit\x64\debug\wofedit.tlog\meshcontenttask-vsgraphics.13920.write.3.tlog
c:\users\frase\documents\_honours\project\wffc-edit\woffcedit\wofedit\x64\debug\wofedit.tlog\meshcontenttask-vsgraphics.21720.read.1.tlog
c:\users\frase\documents\_honours\project\wffc-edit\woffcedit\wofedit\x64\debug\wofedit.tlog\meshcontenttask-vsgraphics.21720.read.23.tlog
c:\users\frase\documents\_honours\project\wffc-edit\woffcedit\wofedit\x64\debug\wofedit.tlog\meshcontenttask-vsgraphics.21720.read.3.tlog
c:\users\frase\documents\_honours\project\wffc-edit\woffcedit\wofedit\x64\debug\wofedit.tlog\meshcontenttask-vsgraphics.21720.write.1.tlog
c:\users\frase\documents\_honours\project\wffc-edit\woffcedit\wofedit\x64\debug\wofedit.tlog\meshcontenttask-vsgraphics.21720.write.23.tlog
c:\users\frase\documents\_honours\project\wffc-edit\woffcedit\wofedit\x64\debug\wofedit.tlog\meshcontenttask-vsgraphics.21720.write.3.tlog
c:\users\frase\documents\_honours\project\wffc-edit\woffcedit\wofedit\x64\debug\wofedit.tlog\meshcontenttask-vsgraphics.24772.read.1.tlog
c:\users\frase\documents\_honours\project\wffc-edit\woffcedit\wofedit\x64\debug\wofedit.tlog\meshcontenttask-vsgraphics.24772.read.23.tlog
c:\users\frase\documents\_honours\project\wffc-edit\woffcedit\wofedit\x64\debug\wofedit.tlog\meshcontenttask-vsgraphics.24772.read.3.tlog
c:\users\frase\documents\_honours\project\wffc-edit\woffcedit\wofedit\x64\debug\wofedit.tlog\meshcontenttask-vsgraphics.24772.write.1.tlog
c:\users\frase\documents\_honours\project\wffc-edit\woffcedit\wofedit\x64\debug\wofedit.tlog\meshcontenttask-vsgraphics.24772.write.23.tlog
c:\users\frase\documents\_honours\project\wffc-edit\woffcedit\wofedit\x64\debug\wofedit.tlog\meshcontenttask-vsgraphics.24772.write.3.tlog
c:\users\frase\documents\_honours\project\wffc-edit\woffcedit\wofedit\x64\debug\wofedit.tlog\meshcontenttask-vsgraphics.28804.read.1.tlog
c:\users\frase\documents\_honours\project\wffc-edit\woffcedit\wofedit\x64\debug\wofedit.tlog\meshcontenttask-vsgraphics.28804.read.23.tlog
c:\users\frase\documents\_honours\project\wffc-edit\woffcedit\wofedit\x64\debug\wofedit.tlog\meshcontenttask-vsgraphics.28804.read.3.tlog
c:\users\frase\documents\_honours\project\wffc-edit\woffcedit\wofedit\x64\debug\wofedit.tlog\meshcontenttask-vsgraphics.28804.write.1.tlog
c:\users\frase\documents\_honours\project\wffc-edit\woffcedit\wofedit\x64\debug\wofedit.tlog\meshcontenttask-vsgraphics.28804.write.23.tlog
c:\users\frase\documents\_honours\project\wffc-edit\woffcedit\wofedit\x64\debug\wofedit.tlog\meshcontenttask-vsgraphics.28804.write.3.tlog
c:\users\frase\documents\_honours\project\wffc-edit\woffcedit\wofedit\x64\debug\wofedit.tlog\meshcontenttask-vsgraphics.30528.read.1.tlog
c:\users\frase\documents\_honours\project\wffc-edit\woffcedit\wofedit\x64\debug\wofedit.tlog\meshcontenttask-vsgraphics.30528.read.23.tlog
c:\users\frase\documents\_honours\project\wffc-edit\woffcedit\wofedit\x64\debug\wofedit.tlog\meshcontenttask-vsgraphics.30528.read.3.tlog
c:\users\frase\documents\_honours\project\wffc-edit\woffcedit\wofedit\x64\debug\wofedit.tlog\meshcontenttask-vsgraphics.30528.write.1.tlog
c:\users\frase\documents\_honours\project\wffc-edit\woffcedit\wofedit\x64\debug\wofedit.tlog\meshcontenttask-vsgraphics.30528.write.23.tlog
c:\users\frase\documents\_honours\project\wffc-edit\woffcedit\wofedit\x64\debug\wofedit.tlog\meshcontenttask-vsgraphics.30528.write.3.tlog
c:\users\frase\documents\_honours\project\wffc-edit\woffcedit\wofedit\x64\debug\wofedit.tlog\meshcontenttask-vsgraphics.30896.read.1.tlog
c:\users\frase\documents\_honours\project\wffc-edit\woffcedit\wofedit\x64\debug\wofedit.tlog\meshcontenttask-vsgraphics.30896.read.23.tlog
c:\users\frase\documents\_honours\project\wffc-edit\woffcedit\wofedit\x64\debug\wofedit.tlog\meshcontenttask-vsgraphics.30896.read.3.tlog
c:\users\frase\documents\_honours\project\wffc-edit\woffcedit\wofedit\x64\debug\wofedit.tlog\meshcontenttask-vsgraphics.30896.write.1.tlog
c:\users\frase\documents\_honours\project\wffc-edit\woffcedit\wofedit\x64\debug\wofedit.tlog\meshcontenttask-vsgraphics.30896.write.23.tlog
c:\users\frase\documents\_honours\project\wffc-edit\woffcedit\wofedit\x64\debug\wofedit.tlog\meshcontenttask-vsgraphics.30896.write.3.tlog
c:\users\frase\documents\_honours\project\wffc-edit\woffcedit\wofedit\x64\debug\wofedit.tlog\meshcontenttask-vsgraphics.34056.read.1.tlog
c:\users\frase\documents\_honours\project\wffc-edit\woffcedit\wofedit\x64\debug\wofedit.tlog\meshcontenttask-vsgraphics.34056.read.23.tlog
c:\users\frase\documents\_honours\project\wffc-edit\woffcedit\wofedit\x64\debug\wofedit.tlog\meshcontenttask-vsgraphics.34056.read.3.tlog
c:\users\frase\documents\_honours\project\wffc-edit\woffcedit\wofedit\x64\debug\wofedit.tlog\meshcontenttask-vsgraphics.34056.write.1.tlog
c:\users\frase\documents\_honours\project\wffc-edit\woffcedit\wofedit\x64\debug\wofedit.tlog\meshcontenttask-vsgraphics.34056.write.23.tlog
c:\users\frase\documents\_honours\project\wffc-edit\woffcedit\wofedit\x64\debug\wofedit.tlog\meshcontenttask-vsgraphics.34056.write.3.tlog
c:\users\frase\documents\_honours\project\wffc-edit\woffcedit\wofedit\x64\debug\wofedit.tlog\meshcontenttask-vsgraphics.35616.read.1.tlog
c:\users\frase\documents\_honours\project\wffc-edit\woffcedit\wofedit\x64\debug\wofedit.tlog\meshcontenttask-vsgraphics.35616.read.23.tlog
c:\users\frase\documents\_honours\project\wffc-edit\woffcedit\wofedit\x64\debug\wofedit.tlog\meshcontenttask-vsgraphics.35616.read.3.tlog
c:\users\frase\documents\_honours\project\wffc-edit\woffcedit\wofedit\x64\debug\wofedit.tlog\meshcontenttask-vsgraphics.35616.write.1.tlog
c:\users\frase\documents\_honours\project\wffc-edit\woffcedit\wofedit\x64\debug\wofedit.tlog\meshcontenttask-vsgraphics.35616.write.23.tlog
c:\users\frase\documents\_honours\project\wffc-edit\woffcedit\wofedit\x64\debug\wofedit.tlog\meshcontenttask-vsgraphics.35616.write.3.tlog
c:\users\frase\documents\_honours\project\wffc-edit\woffcedit\wofedit\x64\debug\wofedit.tlog\meshcontenttask-vsgraphics.3688.read.1.tlog
c:\users\frase\documents\_honours\project\wffc-edit\woffcedit\wofedit\x64\debug\wofedit.tlog\meshcontenttask-vsgraphics.3688.read.23.tlog
c:\users\frase\documents\_honours\project\wffc-edit\woffcedit\wofedit\x64\debug\wofedit.tlog\meshcontenttask-vsgraphics.3688.read.3.tlog
c:\users\frase\documents\_honours\project\wffc-edit\woffcedit\wofedit\x64\debug\wofedit.tlog\meshcontenttask-vsgraphics.3688.write.1.tlog
c:\users\frase\documents\_honours\project\wffc-edit\woffcedit\wofedit\x64\debug\wofedit.tlog\meshcontenttask-vsgraphics.3688.write.23.tlog
c:\users\frase\documents\_honours\project\wffc-edit\woffcedit\wofedit\x64\debug\wofedit.tlog\meshcontenttask-vsgraphics.3688.write.3.tlog
c:\users\frase\documents\_honours\project\wffc-edit\woffcedit\wofedit\x64\debug\wofedit.tlog\meshcontenttask-vsgraphics.39044.read.1.tlog
c:\users\frase\documents\_honours\project\wffc-edit\woffcedit\wofedit\x64\debug\wofedit.tlog\meshcontenttask-vsgraphics.39044.read.23.tlog
c:\users\frase\documents\_honours\project\wffc-edit\woffcedit\wofedit\x64\debug\wofedit.tlog\meshcontenttask-vsgraphics.39044.read.3.tlog
c:\users\frase\documents\_honours\project\wffc-edit\woffcedit\wofedit\x64\debug\wofedit.tlog\meshcontenttask-vsgraphics.39044.write.1.tlog
c:\users\frase\documents\_honours\project\wffc-edit\woffcedit\wofedit\x64\debug\wofedit.tlog\meshcontenttask-vsgraphics.39044.write.23.tlog
c:\users\frase\documents\_honours\project\wffc-edit\woffcedit\wofedit\x64\debug\wofedit.tlog\meshcontenttask-vsgraphics.39044.write.3.tlog
c:\users\frase\documents\_honours\project\wffc-edit\woffcedit\wofedit\x64\debug\wofedit.tlog\meshcontenttask-vsgraphics.40620.read.1.tlog
c:\users\frase\documents\_honours\project\wffc-edit\woffcedit\wofedit\x64\debug\wofedit.tlog\meshcontenttask-vsgraphics.40620.read.23.tlog
c:\users\frase\documents\_honours\project\wffc-edit\woffcedit\wofedit\x64\debug\wofedit.tlog\meshcontenttask-vsgraphics.40620.read.3.tlog
c:\users\frase\documents\_honours\project\wffc-edit\woffcedit\wofedit\x64\debug\wofedit.tlog\meshcontenttask-vsgraphics.40620.write.1.tlog
c:\users\frase\documents\_honours\project\wffc-edit\woffcedit\wofedit\x64\debug\wofedit.tlog\meshcontenttask-vsgraphics.40620.write.23.tlog
c:\users\frase\documents\_honours\project\wffc-edit\woffcedit\wofedit\x64\debug\wofedit.tlog\meshcontenttask-vsgraphics.40620.write.3.tlog
c:\users\frase\documents\_honours\project\wffc-edit\woffcedit\wofedit\x64\debug\wofedit.tlog\meshcontenttask-vsgraphics.41644.read.1.tlog
c:\users\frase\documents\_honours\project\wffc-edit\woffcedit\wofedit\x64\debug\wofedit.tlog\meshcontenttask-vsgraphics.41644.read.23.tlog
c:\users\frase\documents\_honours\project\wffc-edit\woffcedit\wofedit\x64\debug\wofedit.tlog\meshcontenttask-vsgraphics.41644.read.3.tlog
c:\users\frase\documents\_honours\project\wffc-edit\woffcedit\wofedit\x64\debug\wofedit.tlog\meshcontenttask-vsgraphics.41644.write.1.tlog
c:\users\frase\documents\_honours\project\wffc-edit\woffcedit\wofedit\x64\debug\wofedit.tlog\meshcontenttask-vsgraphics.41644.write.23.tlog
c:\users\frase\documents\_honours\project\wffc-edit\woffcedit\wofedit\x64\debug\wofedit.tlog\meshcontenttask-vsgraphics.41644.write.3.tlog
c:\users\frase\documents\_honours\project\wffc-edit\woffcedit\wofedit\x64\debug\wofedit.tlog\meshcontenttask-vsgraphics.42516.read.1.tlog
c:\users\frase\documents\_honours\project\wffc-edit\woffcedit\wofedit\x64\debug\wofedit.tlog\meshcontenttask-vsgraphics.42516.read.23.tlog
c:\users\frase\documents\_honours\project\wffc-edit\woffcedit\wofedit\x64\debug\wofedit.tlog\meshcontenttask-vsgraphics.42516.read.3.tlog
c:\users\frase\documents\_honours\project\wffc-edit\woffcedit\wofedit\x64\debug\wofedit.tlog\meshcontenttask-vsgraphics.42516.write.1.tlog
c:\users\frase\documents\_honours\project\wffc-edit\woffcedit\wofedit\x64\debug\wofedit.tlog\meshcontenttask-vsgraphics.42516.write.23.tlog
c:\users\frase\documents\_honours\project\wffc-edit\woffcedit\wofedit\x64\debug\wofedit.tlog\meshcontenttask-vsgraphics.42516.write.3.tlog
c:\users\frase\documents\_honours\project\wffc-edit\woffcedit\wofedit\x64\debug\wofedit.tlog\meshcontenttask-vsgraphics.read.1.tlog
c:\users\frase\documents\_honours\project\wffc-edit\woffcedit\wofedit\x64\debug\wofedit.tlog\meshcontenttask-vsgraphics.read.23.tlog
c:\users\frase\documents\_honours\project\wffc-edit\woffcedit\wofedit\x64\debug\wofedit.tlog\meshcontenttask-vsgraphics.read.3.tlog
c:\users\frase\documents\_honours\project\wffc-edit\woffcedit\wofedit\x64\debug\wofedit.tlog\meshcontenttask-vsgraphics.write.1.tlog
c:\users\frase\documents\_honours\project\wffc-edit\woffcedit\wofedit\x64\debug\wofedit.tlog\meshcontenttask-vsgraphics.write.23.tlog
c:\users\frase\documents\_honours\project\wffc-edit\woffcedit\wofedit\x64\debug\wofedit.tlog\meshcontenttask-vsgraphics.write.3.tlog
c:\users\frase\documents\_honours\project\wffc-edit\woffcedit\wofedit\x64\debug\wofedit.tlog\rc.command.1.tlog
c:\users\frase\documents\_honours\project\wffc-edit\woffcedit\wofedit\x64\debug\wofedit.tlog\rc.read.1.tlog
c:\users\frase\documents\_honours\project\wffc-edit\woffcedit\wofedit\x64\debug\wofedit.tlog\rc.write.1.tlog
